2025-06-06 15:15:00 | INFO | repo=a4m36jee-2014-infinispan-seminar | action=pull
2025-07-28 11:48:00 | WARN | repo=a4m36jee-2014-infinispan-seminar | action=pull
2025-12-19 13:01:00 | INFO | repo=a4m36jee-2014-infinispan-seminar | action=commit
2025-08-14 13:16:00 | DEBUG | repo=a4m36jee-2014-infinispan-seminar | action=commit
2025-03-02 15:48:00 | DEBUG | repo=a4m36jee-2014-infinispan-seminar | action=commit
2025-10-06 08:46:00 | WARN | repo=a4m36jee-2014-infinispan-seminar | action=commit
2025-11-23 21:23:00 | INFO | repo=a4m36jee-2014-infinispan-seminar | action=commit
2025-07-14 08:53:00 | INFO | repo=a4m36jee-2014-infinispan-seminar | action=commit
2025-07-27 19:03:00 | WARN | repo=a4m36jee-2014-infinispan-seminar | action=commit
2025-04-18 20:33:00 | INFO | repo=a4m36jee-2014-infinispan-seminar | action=edit | files=2
2025-05-16 10:35:00 | INFO | repo=a4m36jee-2014-infinispan-seminar | action=commit
2025-07-21 12:55:00 | WARN | repo=a4m36jee-2014-infinispan-seminar | action=commit
2025-03-10 08:00:00 | WARN | repo=a4m36jee-2014-infinispan-seminar | action=commit
2025-02-08 07:44:00 | DEBUG | repo=a4m36jee-2014-infinispan-seminar | action=commit
2025-02-09 16:13:00 | WARN | repo=a4m36jee-2014-infinispan-seminar | action=commit
2025-03-01 19:53:00 | INFO | repo=a4m36jee-2014-infinispan-seminar | action=commit
2025-10-13 19:03:00 | DEBUG | repo=a4m36jee-2014-infinispan-seminar | action=commit
2025-03-09 21:26:00 | WARN | repo=a4m36jee-2014-infinispan-seminar | action=pull
2025-06-24 08:21:00 | DEBUG | repo=a4m36jee-2014-infinispan-seminar | action=commit
2025-05-24 15:07:00 | DEBUG | repo=a4m36jee-2014-infinispan-seminar | action=pull
2025-03-20 20:41:00 | DEBUG | repo=a4m36jee-2014-infinispan-seminar | action=commit
2025-08-03 16:18:00 | DEBUG | repo=a4m36jee-2014-infinispan-seminar | action=test | passed=true
2025-04-13 08:33:00 | DEBUG | repo=a4m36jee-2014-infinispan-seminar | action=commit
2025-12-18 08:26:00 | INFO | repo=a4m36jee-2014-infinispan-seminar | action=commit
2025-03-08 16:14:00 | INFO | repo=a4m36jee-2014-infinispan-seminar | action=commit
2025-11-02 18:27:00 | INFO | repo=a4m36jee-2014-infinispan-seminar | action=test | passed=true
2025-08-22 21:54:00 | DEBUG | repo=a4m36jee-2014-infinispan-seminar | action=pull
2025-03-15 17:12:00 | WARN | repo=a4m36jee-2014-infinispan-seminar | action=commit
2025-06-05 08:19:00 | WARN | repo=a4m36jee-2014-infinispan-seminar | action=edit | files=4
2025-03-03 07:13:00 | WARN | repo=a4m36jee-2014-infinispan-seminar | action=commit
2025-05-08 11:39:00 | INFO | repo=a4m36jee-2014-infinispan-seminar | action=commit
2025-08-22 08:59:00 | DEBUG | repo=a4m36jee-2014-infinispan-seminar | action=commit
2025-01-02 17:52:00 | INFO | repo=a4m36jee-2014-infinispan-seminar | action=commit
2025-06-12 21:15:00 | INFO | repo=a4m36jee-2014-infinispan-seminar | action=commit
2025-11-02 12:48:00 | DEBUG | repo=a4m36jee-2014-infinispan-seminar | action=commit
2025-01-21 07:30:00 | INFO | repo=a4m36jee-2014-infinispan-seminar | action=edit | files=4
2025-02-09 20:09:00 | INFO | repo=a4m36jee-2014-infinispan-seminar | action=pull
2025-04-09 21:04:00 | INFO | repo=a4m36jee-2014-infinispan-seminar | action=commit
2025-06-08 08:09:00 | WARN | repo=a4m36jee-2014-infinispan-seminar | action=commit
2025-06-15 21:34:00 | WARN | repo=a4m36jee-2014-infinispan-seminar | action=edit | files=1
2025-05-22 11:56:00 | DEBUG | repo=a4m36jee-2014-infinispan-seminar | action=commit
2025-09-03 20:47:00 | DEBUG | repo=a4m36jee-2014-infinispan-seminar | action=edit | files=1
2025-07-04 17:30:00 | INFO | repo=a4m36jee-2014-infinispan-seminar | action=commit
2025-09-13 21:01:00 | WARN | repo=a4m36jee-2014-infinispan-seminar | action=commit
2025-04-22 21:05:00 | INFO | repo=a4m36jee-2014-infinispan-seminar | action=commit
2025-11-04 14:40:00 | DEBUG | repo=a4m36jee-2014-infinispan-seminar | action=commit
2025-01-15 20:19:00 | DEBUG | repo=a4m36jee-2014-infinispan-seminar | action=commit
2025-06-13 20:04:00 | DEBUG | repo=a4m36jee-2014-infinispan-seminar | action=pull
2025-10-17 16:29:00 | WARN | repo=a4m36jee-2014-infinispan-seminar | action=commit
2025-11-23 08:59:00 | INFO | repo=a4m36jee-2014-infinispan-seminar | action=commit
2025-03-23 18:39:00 | INFO | repo=a4m36jee-2014-infinispan-seminar | action=commit
2025-05-13 21:34:00 | INFO | repo=a4m36jee-2014-infinispan-seminar | action=commit
2025-09-21 17:16:00 | DEBUG | repo=a4m36jee-2014-infinispan-seminar | action=commit
2025-05-26 07:20:00 | DEBUG | repo=a4m36jee-2014-infinispan-seminar | action=commit
2025-07-20 21:52:00 | DEBUG | repo=a4m36jee-2014-infinispan-seminar | action=commit
2025-03-26 07:32:00 | INFO | repo=a4m36jee-2014-infinispan-seminar | action=edit | files=5
2025-01-04 17:02:00 | DEBUG | repo=a4m36jee-2014-infinispan-seminar | action=commit
2025-05-22 19:21:00 | DEBUG | repo=a4m36jee-2014-infinispan-seminar | action=commit
2025-07-20 17:43:00 | INFO | repo=a4m36jee-2014-infinispan-seminar | action=commit
2025-12-16 19:14:00 | INFO | repo=a4m36jee-2014-infinispan-seminar | action=commit
2025-09-22 15:08:00 | INFO | repo=a4m36jee-2014-infinispan-seminar | action=commit
2025-03-07 11:43:00 | WARN | repo=a4m36jee-2014-infinispan-seminar | action=commit
2025-11-28 20:17:00 | WARN | repo=a4m36jee-2014-infinispan-seminar | action=commit
